// Jest Snapshot v1, https://goo.gl/fbAQLP

exports[`Card should match the snapshot with all data passed in 1`] = `
<div
  className="card"
>
  <img
    className="favorite-icon"
  />
  <h3>
    NAME HERE
  </h3>
  <img
    className="card-icon"
  />
  <p>
    Other text here
  </p>
</div>
`;
