// Jest Snapshot v1, https://goo.gl/fbAQLP

exports[`App defaults should match the snapshot with all data passed in 1`] = `
<h1>
  LOADING...
</h1>
`;
