// Jest Snapshot v1, https://goo.gl/fbAQLP

exports[`CardContainer should match the snapshot with all data passed in 1`] = `
<div
  id="card-container"
>
  <Card
    data={Array []}
  />
</div>
`;
